// Jest Snapshot v1, https://goo.gl/fbAQLP

exports[`Arch Bot Help Posts Comment in Issue in Admin Repository 1`] = `
[MockFunction] {
  "calls": Array [
    Array [
      Object {
        "body": "Here are commands you can run:
  - \`/request [fyi name]\` to request for an FYI to be created
  - \`/skip\` to skip requests
  - \`/accept\` to accept submitted FYIs
  - \`/reject [comment]\` to reject submitted FYIs with optional comment
  - \`/close\` to close this issue
  - \`/remind\` to post a reminder on the request issue
",
        "number": 292,
        "owner": "choosenearme",
        "repo": "fyis",
      },
    ],
  ],
}
`;
