// Jest Snapshot v1, https://goo.gl/fbAQLP

exports[`Arch Bot FYI Reminder Posts Comment for Issue in Repo Repository 1`] = `
[MockFunction] {
  "calls": Array [
    Array [
      Object {
        "body": "Reminder: Complete the requested FYI",
        "number": 1,
        "owner": "choosenearme",
        "repo": "super-guacamole",
      },
    ],
  ],
}
`;
